[backblue.gif]
[fade.gif]
[index.html]
[s3.amazonaws.com/lyah/favicon.png]
[learnyouahaskell.com/rss.php]
[learnyouahaskell.com/index.html]
[learnyouahaskell.com/favicon.png]
[s3.amazonaws.com/lyah/turtle.png]
[learnyouahaskell.com/faq.html]
[learnyouahaskell.com/sh/Scripts/clipboard.swf]
[learnyouahaskell.com/chapters.html]
[s3.amazonaws.com/lyah/bird.png]
[s3.amazonaws.com/lyah/fx.png]
[s3.amazonaws.com/lyah/lazy.png]
[s3.amazonaws.com/lyah/boat.png]
[learnyouahaskell.com/introduction.html]
[s3.amazonaws.com/lyah/startingout.png]
[s3.amazonaws.com/lyah/ringring.png]
[s3.amazonaws.com/lyah/baby.png]
[s3.amazonaws.com/lyah/list.png]
[s3.amazonaws.com/lyah/listmonster.png]
[s3.amazonaws.com/lyah/cowboy.png]
[s3.amazonaws.com/lyah/kermit.png]
[s3.amazonaws.com/lyah/setnotation.png]
[s3.amazonaws.com/lyah/tuple.png]
[s3.amazonaws.com/lyah/pythag.png]
[learnyouahaskell.com/starting-out.html]
[s3.amazonaws.com/lyah/cow.png]
[s3.amazonaws.com/lyah/bomb.png]
[s3.amazonaws.com/lyah/box.png]
[learnyouahaskell.com/types-and-typeclasses.html]
[s3.amazonaws.com/lyah/classes.png]
[s3.amazonaws.com/lyah/pattern.png]
[s3.amazonaws.com/lyah/guards.png]
[s3.amazonaws.com/lyah/letitbe.png]
[learnyouahaskell.com/syntax-in-functions.html]
[s3.amazonaws.com/lyah/case.png]
[s3.amazonaws.com/lyah/recursion.png]
[s3.amazonaws.com/lyah/maxs.png]
[s3.amazonaws.com/lyah/painter.png]
[s3.amazonaws.com/lyah/quickman.png]
[s3.amazonaws.com/lyah/quicksort.png]
[s3.amazonaws.com/lyah/brain.png]
[learnyouahaskell.com/recursion.html]
[s3.amazonaws.com/lyah/sun.png]
[s3.amazonaws.com/lyah/curry.png]
[s3.amazonaws.com/lyah/bonus.png]
[s3.amazonaws.com/lyah/map.png]
[s3.amazonaws.com/lyah/lambda.png]
[s3.amazonaws.com/lyah/lamb.png]
[s3.amazonaws.com/lyah/origami.png]
[s3.amazonaws.com/lyah/foldl.png]
[s3.amazonaws.com/lyah/washmachine.png]
[s3.amazonaws.com/lyah/dollar.png]
[s3.amazonaws.com/lyah/composition.png]
[learnyouahaskell.com/higher-order-functions.html]
[s3.amazonaws.com/lyah/notes.png]
[s3.amazonaws.com/lyah/modules.png]
[s3.amazonaws.com/lyah/legolists.png]
[s3.amazonaws.com/lyah/legochar.png]
[s3.amazonaws.com/lyah/legomap.png]
[s3.amazonaws.com/lyah/legosets.png]
[learnyouahaskell.com/modules.html]
[s3.amazonaws.com/lyah/making_modules.png]
[s3.amazonaws.com/lyah/caveman.png]
[s3.amazonaws.com/lyah/record.png]
[s3.amazonaws.com/lyah/yeti.png]
[s3.amazonaws.com/lyah/meekrat.png]
[s3.amazonaws.com/lyah/gob.png]
[s3.amazonaws.com/lyah/chicken.png]
[s3.amazonaws.com/lyah/thefonz.png]
[s3.amazonaws.com/lyah/binarytree.png]
[s3.amazonaws.com/lyah/trafficlight.png]
[s3.amazonaws.com/lyah/yesno.png]
[s3.amazonaws.com/lyah/functor.png]
[learnyouahaskell.com/making-our-own-types-and-typeclasses.html]
[s3.amazonaws.com/lyah/typefoo.png]
[s3.amazonaws.com/lyah/dognap.png]
[s3.amazonaws.com/lyah/helloworld.png]
[s3.amazonaws.com/lyah/luggage.png]
[s3.amazonaws.com/lyah/streams.png]
[s3.amazonaws.com/lyah/file.png]
[s3.amazonaws.com/lyah/edd.png]
[s3.amazonaws.com/lyah/arguments.png]
[s3.amazonaws.com/lyah/salad.png]
[s3.amazonaws.com/lyah/random.png]
[s3.amazonaws.com/lyah/jackofdiamonds.png]
[s3.amazonaws.com/lyah/chainchomp.png]
[s3.amazonaws.com/lyah/timber.png]
[s3.amazonaws.com/lyah/police.png]
[s3.amazonaws.com/lyah/puppy.png]
[learnyouahaskell.com/input-and-output.html]
[s3.amazonaws.com/lyah/rpn.png]
[s3.amazonaws.com/lyah/calculator.png]
[s3.amazonaws.com/lyah/roads.png]
[s3.amazonaws.com/lyah/roads_simple.png]
[learnyouahaskell.com/functionally-solving-problems.html]
[s3.amazonaws.com/lyah/guycar.png]
[s3.amazonaws.com/lyah/frogtor.png]
[s3.amazonaws.com/lyah/alien.png]
[s3.amazonaws.com/lyah/lifter.png]
[s3.amazonaws.com/lyah/justice.png]
[s3.amazonaws.com/lyah/present.png]
[s3.amazonaws.com/lyah/whale.png]
[s3.amazonaws.com/lyah/knight.png]
[s3.amazonaws.com/lyah/jazzb.png]
[s3.amazonaws.com/lyah/maoi.png]
[s3.amazonaws.com/lyah/krakatoa.png]
[s3.amazonaws.com/lyah/shamrock.png]
[s3.amazonaws.com/lyah/pirateship.png]
[s3.amazonaws.com/lyah/balloondog.png]
[s3.amazonaws.com/lyah/smug.png]
[s3.amazonaws.com/lyah/bear.png]
[learnyouahaskell.com/functors-applicative-functors-and-monoids.html]
[s3.amazonaws.com/lyah/accordion.png]
[s3.amazonaws.com/lyah/smugpig.png]
[s3.amazonaws.com/lyah/buddha.png]
[s3.amazonaws.com/lyah/kid.png]
[s3.amazonaws.com/lyah/tur2.png]
[s3.amazonaws.com/lyah/pierre.png]
[s3.amazonaws.com/lyah/banana.png]
[s3.amazonaws.com/lyah/centaur.png]
[s3.amazonaws.com/lyah/owld.png]
[s3.amazonaws.com/lyah/deadcat.png]
[s3.amazonaws.com/lyah/concatmap.png]
[s3.amazonaws.com/lyah/chess.png]
[learnyouahaskell.com/a-fistful-of-monads.html]
[s3.amazonaws.com/lyah/judgedog.png]
[s3.amazonaws.com/lyah/clint.png]
[s3.amazonaws.com/lyah/tuco.png]
[s3.amazonaws.com/lyah/angeleyes.png]
[s3.amazonaws.com/lyah/cactus.png]
[s3.amazonaws.com/lyah/revolver.png]
[s3.amazonaws.com/lyah/texas.png]
[s3.amazonaws.com/lyah/badge.png]
[s3.amazonaws.com/lyah/wolf.png]
[s3.amazonaws.com/lyah/tipi.png]
[s3.amazonaws.com/lyah/miner.png]
[s3.amazonaws.com/lyah/spearhead.png]
[s3.amazonaws.com/lyah/prob.png]
[learnyouahaskell.com/for-a-few-monads-more.html]
[s3.amazonaws.com/lyah/ride.png]
[learnyouahaskell.com/60sdude.png]
[learnyouahaskell.com/pollywantsa.png]
[learnyouahaskell.com/bread.png]
[learnyouahaskell.com/almostzipper.png]
[learnyouahaskell.com/asstronaut.png]
[learnyouahaskell.com/picard.png]
[learnyouahaskell.com/spongedisk.png]
[learnyouahaskell.com/cool.png]
[learnyouahaskell.com/zippers.html]
[learnyouahaskell.com/bigtree.png]
[learnyouahaskell.com/higher-order-functions/index.html]
[learnyouahaskell.com/folds.html]
[learnyouahaskell.com/reverse-polish-notation-calculator.html]
[learnyouahaskell.com/reset.css]
[learnyouahaskell.com/style.css]
[learnyouahaskell.com/faq.html]
[learnyouahaskell.com/sh/Scripts/clipboard.swf]
[learnyouahaskell.com/sh/Styles/SyntaxHighlighter.css]
[learnyouahaskell.com/sh/Scripts/shCore.js]
[learnyouahaskell.com/shBrushHaskell.js]
[learnyouahaskell.com/shBrushPlain.js]
[learnyouahaskell.com/introduction.html]
[learnyouahaskell.com/higher-order-functions/index.html]
